// Jest Snapshot v1, https://goo.gl/fbAQLP

exports[`SignInForm component matches previous snapshot 1`] = `
<div>
  <form>
    <div
      class="mb-3"
    >
      <label
        class="form-label"
        for="usernameInput"
      >
        Username
      </label>
      <input
        class="form-control"
        id="usernameInput"
        type="text"
        value=""
      />
    </div>
    <div
      class="mb-3"
    >
      <label
        class="form-label"
        for="passwordInput"
      >
        Password
      </label>
      <input
        class="form-control"
        id="passwordInput"
        type="password"
        value=""
      />
    </div>
    <div
      class="mb-3"
    >
      <button
        class="btn btn-primary"
      >
        Sign in
      </button>
    </div>
  </form>
</div>
`;
